
> frontend@0.0.0 test
> vitest --verbose

